✔ serve writes a real daemon.json (matching pid/port/dbPath), binds a working loopback listener, and never prints the token (1351.6533ms)
✔ a second `serve` refuses to start while the first is live, without printing the token, and leaves the first daemon.json untouched (1153.8185ms)
✔ a hard-killed daemon leaves a stale daemon.json (dead pid) behind; the next `serve` overwrites it and re-queues the orphaned run (3096.2109ms)
✔ generateDaemonToken produces distinct, non-trivial tokens (1.3696ms)
✔ writeDaemonFile then readDaemonFile round-trips exactly, and the file is owner-only (mode 0o600) (8.4007ms)
✔ readDaemonFile returns undefined when no file exists (1.1834ms)
✔ readDaemonFile returns undefined (not a throw) for a corrupted file (7.8252ms)
✔ readDaemonFile returns undefined for well-formed JSON missing a required field (4.6987ms)
✔ removeDaemonFile deletes the file and is a no-op if it never existed (3.7529ms)
✔ isPidAlive is true for this process, false for a made-up pid (0.3522ms)
✔ checkDaemonFile: absent file (0.7098ms)
✔ checkDaemonFile: live pid with no healthCheck given is reported live (4.551ms)
✔ checkDaemonFile: a dead pid is reported stale and overwritten on the next write (80.7167ms)
✔ checkDaemonFile: a live pid but a healthCheck that reports unhealthy is still stale (4.9423ms)
✔ checkDaemonFile: a live pid and a healthCheck that reports healthy is live (3.8073ms)
✔ startDaemonLoop ticks every project in the database, not just one (40.4165ms)
✔ startDaemonLoop recovers an orphaned "running" run at startup, before its first tick (4.2541ms)
✔ DaemonLoop.stop() cancels a hanging worker back to READY without consuming an attempt, and clears the live map (28.8594ms)
ℹ tests 18
ℹ suites 0
ℹ pass 18
ℹ fail 0
ℹ cancelled 0
ℹ skipped 0
ℹ todo 0
ℹ duration_ms 5781.9413
